// Jest Snapshot v1, https://goo.gl/fbAQLP

exports[`processChatResponse should be able to process a valid stream 1`] = `
{
  "data": [
    {
      "type": "state",
      "value": {
        "queries": {},
      },
      "version": 1,
    },
  ],
  "history": [
    {
      "content": "You, but don't tell anyone.",
      "role": "assistant",
    },
    {
      "role": "assistant",
      "tool-calls": [
        {
          "arguments": "",
          "id": "x",
          "name": "x",
        },
      ],
    },
    {
      "content": "",
      "role": "tool",
      "tool-call-id": "x",
    },
  ],
  "parts": [
    {
      "code": "0",
      "name": "text",
      "value": "You, but don't tell anyone.",
    },
    {
      "code": "2",
      "name": "data",
      "value": {
        "type": "state",
        "value": {
          "queries": {},
        },
        "version": 1,
      },
    },
    {
      "code": "9",
      "name": "tool_call",
      "value": {
        "args": "",
        "toolCallId": "x",
        "toolName": "x",
      },
    },
    {
      "code": "a",
      "name": "tool_result",
      "value": {
        "result": "",
        "toolCallId": "x",
      },
    },
    {
      "code": "d",
      "name": "finish_message",
      "value": {
        "finishReason": "stop",
        "usage": {
          "completionTokens": 8,
          "promptTokens": 4916,
        },
      },
    },
  ],
  "text": "You, but don't tell anyone.",
  "toolCalls": [
    {
      "args": "",
      "state": "result",
      "toolCallId": "x",
      "toolName": "x",
      "value": "",
    },
  ],
}
`;
