// Jest Snapshot v1, https://goo.gl/fbAQLP

exports[`ai requests aiStreamingQuery should return full result of a successful request 1`] = `
{
  "data": [
    {
      "type": "state",
      "value": {
        "queries": {},
      },
      "version": 1,
    },
  ],
  "history": [
    {
      "content": "You, but don't tell anyone.",
      "role": "assistant",
    },
  ],
  "parts": [
    {
      "code": "0",
      "name": "text",
      "value": "You, but don't tell anyone.",
    },
    {
      "code": "2",
      "name": "data",
      "value": {
        "type": "state",
        "value": {
          "queries": {},
        },
        "version": 1,
      },
    },
    {
      "code": "d",
      "name": "finish_message",
      "value": {
        "finishReason": "stop",
        "usage": {
          "completionTokens": 8,
          "promptTokens": 4916,
        },
      },
    },
  ],
  "text": "You, but don't tell anyone.",
  "toolCalls": [],
}
`;
